2026-08-12 00:03:53 INFO  BaseClassVL - navigated to browser
2026-08-12 00:03:53 INFO  BaseClassVL - URL navigation home page
2026-08-12 00:03:57 INFO  BaseClassVL - URL navigation to Express https://www.valuelabs.com/products/experience/
2026-08-12 00:03:59 INFO  BaseClassVL - URL navigation to aid https://www.valuelabs.com/products/experience/aide-chat/#contact-section-scroll-down
2026-08-12 00:07:38 INFO  BaseClassVL - navigated to browser
2026-08-12 00:07:38 INFO  BaseClassVL - URL navigation home page
2026-08-12 00:07:42 INFO  BaseClassVL - URL navigation to Express https://www.valuelabs.com/products/experience/
2026-08-12 00:07:44 INFO  BaseClassVL - URL navigation to aid https://www.valuelabs.com/products/experience/aide-chat/#contact-section-scroll-down
2026-08-12 00:08:18 INFO  BaseClassVL - navigated to browser
2026-08-12 00:08:23 INFO  BaseClassVL - URL navigation home page
2026-08-12 00:08:27 INFO  BaseClassVL - URL navigation to Express https://www.valuelabs.com/products/experience/
2026-08-12 00:08:29 INFO  BaseClassVL - URL navigation to aid https://www.valuelabs.com/products/experience/aide-chat/#contact-section-scroll-down
2026-08-12 00:08:38 INFO  BaseClassVL - aid chat is success
2026-08-12 00:10:44 INFO  BaseClassVL - navigated to browser
2026-08-12 00:10:44 INFO  BaseClassVL - URL navigation home page
2026-08-12 00:10:48 INFO  BaseClassVL - URL navigation to Express https://www.valuelabs.com/products/experience/
2026-08-12 00:10:50 INFO  BaseClassVL - URL navigation to aid https://www.valuelabs.com/products/experience/aide-chat/#contact-section-scroll-down
2026-08-12 00:13:00 INFO  BaseClassVL - navigated to browser
2026-08-12 00:13:01 INFO  BaseClassVL - URL navigation home page
2026-08-12 00:13:05 INFO  BaseClassVL - URL navigation to Express https://www.valuelabs.com/products/experience/
2026-08-12 00:13:07 INFO  BaseClassVL - URL navigation to aid https://www.valuelabs.com/products/experience/aide-chat/#contact-section-scroll-down
2026-08-12 00:14:15 INFO  BaseClassVL - navigated to browser
2026-08-12 00:14:15 INFO  BaseClassVL - URL navigation home page
2026-08-12 00:14:19 INFO  BaseClassVL - URL navigation to Express https://www.valuelabs.com/products/experience/
2026-08-12 00:14:21 INFO  BaseClassVL - URL navigation to aid https://www.valuelabs.com/products/experience/aide-chat/#contact-section-scroll-down
2026-08-12 00:14:31 INFO  BaseClassVL - navigated to browser
2026-08-12 00:14:31 INFO  BaseClassVL - URL navigation home page
2026-08-12 00:14:35 INFO  BaseClassVL - URL navigation to Express https://www.valuelabs.com/products/experience/
2026-08-12 00:14:37 INFO  BaseClassVL - URL navigation to aid https://www.valuelabs.com/products/experience/aide-chat/#contact-section-scroll-down
2026-08-12 00:14:41 INFO  BaseClassVL - aid emailchat is error success handling
2026-08-12 00:14:47 INFO  BaseClassVL - navigated to browser
2026-08-12 00:14:47 INFO  BaseClassVL - URL navigation home page
2026-08-12 00:14:51 INFO  BaseClassVL - URL navigation to Express https://www.valuelabs.com/products/experience/
2026-08-12 00:14:53 INFO  BaseClassVL - URL navigation to aid https://www.valuelabs.com/products/experience/aide-chat/#contact-section-scroll-down
2026-08-12 00:16:42 INFO  BaseClassVL - navigated to browser
2026-08-12 00:16:42 INFO  BaseClassVL - URL navigation home page
2026-08-12 00:16:46 INFO  BaseClassVL - URL navigation to Express https://www.valuelabs.com/products/experience/
2026-08-12 00:16:48 INFO  BaseClassVL - URL navigation to aid https://www.valuelabs.com/products/experience/aide-chat/#contact-section-scroll-down
2026-08-12 00:17:00 INFO  BaseClassVL - navigated to browser
2026-08-12 00:17:00 INFO  BaseClassVL - URL navigation home page
2026-08-12 00:17:04 INFO  BaseClassVL - URL navigation to Express https://www.valuelabs.com/products/experience/
2026-08-12 00:17:05 INFO  BaseClassVL - URL navigation to aid https://www.valuelabs.com/products/experience/aide-chat/#contact-section-scroll-down
2026-08-12 00:17:17 INFO  BaseClassVL - navigated to browser
2026-08-12 00:17:17 INFO  BaseClassVL - URL navigation home page
2026-08-12 00:17:21 INFO  BaseClassVL - URL navigation to Express https://www.valuelabs.com/products/experience/
2026-08-12 00:17:23 INFO  BaseClassVL - URL navigation to aid https://www.valuelabs.com/products/experience/aide-chat/#contact-section-scroll-down
2026-08-12 00:19:41 INFO  BaseClassVL - navigated to browser
2026-08-12 00:19:45 INFO  BaseClassVL - URL navigation home page
2026-08-12 00:19:49 INFO  BaseClassVL - URL navigation to Express https://www.valuelabs.com/products/experience/
2026-08-12 00:19:50 INFO  BaseClassVL - URL navigation to aid https://www.valuelabs.com/products/experience/aide-chat/#contact-section-scroll-down
2026-08-12 00:20:01 INFO  BaseClassVL - navigated to browser
2026-08-12 00:20:01 INFO  BaseClassVL - URL navigation home page
2026-08-12 00:20:05 INFO  BaseClassVL - URL navigation to Express https://www.valuelabs.com/products/experience/
2026-08-12 00:20:07 INFO  BaseClassVL - URL navigation to aid https://www.valuelabs.com/products/experience/aide-chat/#contact-section-scroll-down
2026-08-12 00:20:11 INFO  BaseClassVL - aid emailchat is error success handling
2026-08-12 00:20:19 INFO  BaseClassVL - navigated to browser
2026-08-12 00:20:19 INFO  BaseClassVL - URL navigation home page
2026-08-12 00:20:23 INFO  BaseClassVL - URL navigation to Express https://www.valuelabs.com/products/experience/
2026-08-12 00:20:24 INFO  BaseClassVL - URL navigation to aid https://www.valuelabs.com/products/experience/aide-chat/#contact-section-scroll-down
2026-08-12 00:28:45 INFO  BaseClassVL - navigated to browser
2026-08-12 00:28:50 INFO  BaseClassVL - URL navigation home page
2026-08-12 00:28:56 INFO  BaseClassVL - URL navigation to Express https://www.valuelabs.com/products/experience/
2026-08-12 00:28:59 INFO  BaseClassVL - URL navigation to aid https://www.valuelabs.com/products/experience/aide-chat/#contact-section-scroll-down
2026-08-12 00:29:10 INFO  BaseClassVL - navigated to browser
2026-08-12 00:29:10 INFO  BaseClassVL - URL navigation home page
2026-08-12 00:29:14 INFO  BaseClassVL - URL navigation to Express https://www.valuelabs.com/products/experience/
2026-08-12 00:29:15 INFO  BaseClassVL - URL navigation to aid https://www.valuelabs.com/products/experience/aide-chat/#contact-section-scroll-down
2026-08-12 00:29:19 INFO  BaseClassVL - aid emailchat is error success handling
2026-08-12 00:29:27 INFO  BaseClassVL - navigated to browser
2026-08-12 00:29:27 INFO  BaseClassVL - URL navigation home page
2026-08-12 00:29:31 INFO  BaseClassVL - URL navigation to Express https://www.valuelabs.com/products/experience/
2026-08-12 00:29:33 INFO  BaseClassVL - URL navigation to aid https://www.valuelabs.com/products/experience/aide-chat/#contact-section-scroll-down
2026-08-12 00:29:41 INFO  BaseClassVL - aid chat is successhttps://www.valuelabs.com/thank-you/?submissionGuid=432a3d7f-c97a-446e-85e9-0adcdb57499f
2026-08-12 00:29:41 INFO  BaseClassVL - aid chat is successThank you - ValueLabs
2026-08-12 03:01:05 INFO  BaseClassTestKru - TestStarted
2026-08-12 03:09:04 INFO  BaseClassTestKru - ===== Test Setup Started =====
2026-08-12 03:09:07 INFO  BaseClassTestKru - Chrome browser launched successfully
2026-08-12 03:09:09 INFO  BaseClassTestKru - Current URL: https://testkru.com/
2026-08-12 03:09:09 INFO  BaseClassTestKru - Browser opened and URL navigation completed
2026-08-12 03:09:09 INFO  BaseClassTestKru - ===== Test Started: sideBarButton =====
2026-08-12 03:09:09 INFO  ButtonPage - ButtonPage initialized
2026-08-12 03:09:09 INFO  BaseClassTestKru - ButtonPage object created
2026-08-12 03:09:09 INFO  ButtonPage - Navigating to Elements menu
2026-08-12 03:09:10 INFO  ButtonPage - Current URL: https://testkru.com/
2026-08-12 03:09:10 INFO  ButtonPage - Elements menu validation successful
2026-08-12 03:09:10 INFO  ButtonPage - Navigating to Buttons page
2026-08-12 03:09:11 INFO  ButtonPage - Actual URL: https://testkru.com/Elements/Buttons
2026-08-12 03:09:11 INFO  ButtonPage - Expected URL: https://testkru.com/Elements/Buttons
2026-08-12 03:09:11 INFO  ButtonPage - Buttons page navigation successful
2026-08-12 03:09:11 INFO  BaseClassTestKru - ===== Test Passed: sideBarButton =====
2026-08-12 03:09:11 INFO  BaseClassTestKru - Closing browser
2026-08-12 03:09:12 INFO  BaseClassTestKru - Browser closed successfully
2026-08-12 03:09:12 INFO  BaseClassTestKru - ===== Test Execution Completed =====
2026-08-12 09:24:35 INFO  BaseClassTestKru - ===== Test Setup Started =====
2026-08-12 09:24:37 INFO  BaseClassTestKru - Chrome browser launched successfully
2026-08-12 09:24:39 INFO  BaseClassTestKru - Current URL: https://testkru.com/
2026-08-12 09:24:39 INFO  BaseClassTestKru - Browser opened and URL navigation completed
2026-08-12 09:24:39 INFO  BaseClassTestKru - ===== Test Started: sideBarButton =====
2026-08-12 09:24:39 INFO  ButtonPage - ButtonPage initialized
2026-08-12 09:24:39 INFO  BaseClassTestKru - ButtonPage object created
2026-08-12 09:24:39 INFO  ButtonPage - Navigating to Elements menu
2026-08-12 09:24:40 INFO  ButtonPage - Current URL: https://testkru.com/
2026-08-12 09:24:40 INFO  ButtonPage - Elements menu validation successful
2026-08-12 09:24:40 INFO  ButtonPage - Navigating to Buttons page
2026-08-12 09:24:41 INFO  ButtonPage - Actual URL: https://testkru.com/Elements/Buttons
2026-08-12 09:24:41 INFO  ButtonPage - Expected URL: https://testkru.com/Elements/Buttons
2026-08-12 09:24:41 INFO  ButtonPage - Buttons page navigation successful
2026-08-12 09:24:41 INFO  BaseClassTestKru - ===== Test Passed: sideBarButton =====
2026-08-12 09:24:41 INFO  BaseClassTestKru - Closing browser
2026-08-12 09:24:42 INFO  BaseClassTestKru - Browser closed successfully
2026-08-12 09:24:42 INFO  BaseClassTestKru - ===== Test Execution Completed =====
2026-08-12 09:24:54 INFO  BaseClassTestKru - ===== Test Setup Started =====
2026-08-12 09:24:55 INFO  BaseClassTestKru - Chrome browser launched successfully
2026-08-12 09:24:56 INFO  BaseClassTestKru - Current URL: https://testkru.com/
2026-08-12 09:24:56 INFO  BaseClassTestKru - Browser opened and URL navigation completed
2026-08-12 09:24:56 INFO  BaseClassTestKru - ===== Test Started: sideBarButton =====
2026-08-12 09:24:56 INFO  ButtonPage - ButtonPage initialized
2026-08-12 09:24:56 INFO  BaseClassTestKru - ButtonPage object created
2026-08-12 09:24:56 INFO  ButtonPage - Navigating to Elements menu
2026-08-12 09:24:57 INFO  ButtonPage - Current URL: https://testkru.com/
2026-08-12 09:24:57 INFO  ButtonPage - Elements menu validation successful
2026-08-12 09:24:57 INFO  ButtonPage - Navigating to Buttons page
2026-08-12 09:24:58 INFO  ButtonPage - Actual URL: https://testkru.com/Elements/Buttons
2026-08-12 09:24:58 INFO  ButtonPage - Expected URL: https://testkru.com/Elements/Buttons
2026-08-12 09:24:58 INFO  ButtonPage - Buttons page navigation successful
2026-08-12 09:24:58 INFO  BaseClassTestKru - ===== Test Passed: sideBarButton =====
2026-08-12 09:24:58 INFO  BaseClassTestKru - Closing browser
2026-08-12 09:24:59 INFO  BaseClassTestKru - Browser closed successfully
2026-08-12 09:24:59 INFO  BaseClassTestKru - ===== Test Execution Completed =====
2026-09-11 12:21:25 INFO  BaseClassVL - navigated to browser
2026-09-11 12:23:22 INFO  BaseClassVL - navigated to browser
2026-09-11 12:23:23 INFO  BaseClassVL - URL navigation home page
2026-09-11 12:23:27 INFO  BaseClassVL - URL navigation to Express https://www.valuelabs.com/products/experience/
2026-09-11 12:23:31 INFO  BaseClassVL - URL navigation to aid https://www.valuelabs.com/products/experience/aide-chat/#contact-section-scroll-down
2026-09-11 12:23:42 INFO  BaseClassVL - navigated to browser
2026-09-11 12:23:42 INFO  BaseClassVL - URL navigation home page
2026-09-11 12:23:47 INFO  BaseClassVL - URL navigation to Express https://www.valuelabs.com/products/experience/
2026-09-11 12:23:50 INFO  BaseClassVL - URL navigation to aid https://www.valuelabs.com/products/experience/aide-chat/#contact-section-scroll-down
2026-09-11 12:23:54 INFO  BaseClassVL - aid emailchat is error success handling
2026-09-11 12:24:01 INFO  BaseClassVL - navigated to browser
2026-09-11 12:24:01 INFO  BaseClassVL - URL navigation home page
2026-09-11 12:24:06 INFO  BaseClassVL - URL navigation to Express https://www.valuelabs.com/products/experience/
2026-09-11 12:24:08 INFO  BaseClassVL - URL navigation to aid https://www.valuelabs.com/products/experience/aide-chat/#contact-section-scroll-down
2026-09-11 12:26:04 INFO  BaseClassVL - navigated to browser
2026-09-12 19:54:43 INFO  BaseClassVL - navigated to browser
2026-09-12 19:54:43 INFO  BaseClassVL - URL navigation home page
2026-09-12 19:55:02 INFO  BaseClassVL - URL navigation to Express https://www.valuelabs.com/products/experience/
2026-09-12 19:55:07 INFO  BaseClassVL - URL navigation to aid https://www.valuelabs.com/products/experience/aide-chat/#contact-section-scroll-down
2026-09-12 19:55:50 INFO  BaseClassVL - navigated to browser
2026-09-12 19:55:50 INFO  BaseClassVL - URL navigation home page
2026-09-12 19:56:04 INFO  BaseClassVL - URL navigation to Express https://www.valuelabs.com/products/experience/
2026-09-12 19:56:09 INFO  BaseClassVL - URL navigation to aid https://www.valuelabs.com/products/experience/aide-chat/#contact-section-scroll-down
2026-09-12 19:56:12 INFO  BaseClassVL - aid emailchat is error success handling
2026-09-12 19:56:51 INFO  BaseClassVL - navigated to browser
2026-09-12 19:56:51 INFO  BaseClassVL - URL navigation home page
2026-09-12 19:57:00 INFO  BaseClassVL - URL navigation to Express https://www.valuelabs.com/products/experience/
2026-09-12 19:57:04 INFO  BaseClassVL - URL navigation to aid https://www.valuelabs.com/products/experience/aide-chat/#contact-section-scroll-down
2026-09-12 21:46:35 INFO  BaseClassVL - navigated to browser
2026-09-12 21:46:41 INFO  BaseClassVL - URL navigation home page
2026-09-12 21:46:52 INFO  BaseClassVL - navigated to browser
2026-09-12 21:46:52 INFO  BaseClassVL - URL navigation home page
2026-09-12 21:46:59 INFO  BaseClassVL - URL navigation to Express https://www.valuelabs.com/products/experience/
2026-09-12 21:47:02 INFO  BaseClassVL - URL navigation to aid https://www.valuelabs.com/products/experience/aide-chat/#contact-section-scroll-down
2026-09-12 21:47:06 INFO  BaseClassVL - aid emailchat is error success handling
2026-09-12 21:47:13 INFO  BaseClassVL - navigated to browser
2026-09-12 21:47:13 INFO  BaseClassVL - URL navigation home page
2026-09-12 21:47:19 INFO  BaseClassVL - URL navigation to Express https://www.valuelabs.com/products/experience/
2026-09-12 21:47:23 INFO  BaseClassVL - URL navigation to aid https://www.valuelabs.com/products/experience/aide-chat/#contact-section-scroll-down
2026-09-12 21:47:30 INFO  BaseClassVL - aid chat is successhttps://www.valuelabs.com/thank-you/?submissionGuid=9e3160bc-099f-46d8-9e04-ff0708f7fe6d
2026-09-12 21:47:30 INFO  BaseClassVL - aid chat is successThank you - ValueLabs
2026-09-13 09:20:42 INFO  BaseClassVL - navigated to browser
2026-09-13 09:21:48 INFO  BaseClassVL - navigated to browser
2026-09-15 10:51:36 INFO  BaseClassVL - navigated to browser
2026-09-15 10:52:21 INFO  BaseClassVL - navigated to browser
2026-09-15 10:53:59 INFO  BaseClassVL - navigated to browser
2026-09-15 10:54:31 INFO  BaseClassVL - navigated to browser
2026-09-15 10:54:53 INFO  BaseClassVL - navigated to browser
2026-09-15 11:02:22 INFO  BaseClassVL - navigated to browser
2026-09-15 11:05:06 INFO  BaseClassVL - navigated to browser
2026-09-15 11:08:46 INFO  BaseClassVL - navigated to browser
2026-09-15 11:09:02 INFO  BaseClassVL - navigated to browser
2026-09-15 11:09:11 INFO  BaseClassVL - navigated to browser
2026-09-16 13:07:20 INFO  BaseClassVL - navigated to browser
2026-09-16 13:11:32 INFO  BaseClassVL - navigated to browser
2026-09-16 13:11:33 INFO  BaseClassVL - URL navigation home page
2026-09-16 13:11:39 INFO  BaseClassVL - URL navigation to Express https://www.valuelabs.com/products/experience/
2026-09-16 13:11:40 INFO  BaseClassVL - URL navigation to aid https://www.valuelabs.com/products/experience/aide-chat/#contact-section-scroll-down
2026-09-16 13:11:53 INFO  BaseClassVL - navigated to browser
2026-09-16 13:11:53 INFO  BaseClassVL - URL navigation home page
2026-09-16 13:12:00 INFO  BaseClassVL - navigated to browser
2026-09-16 13:12:01 INFO  BaseClassVL - URL navigation home page
2026-09-16 13:13:52 INFO  BaseClassVL - navigated to browser
2026-09-16 13:13:52 INFO  BaseClassVL - URL navigation home page
2026-09-16 13:13:57 INFO  BaseClassVL - navigated to browser
2026-09-16 13:14:01 INFO  BaseClassVL - URL navigation home page
2026-09-16 13:14:10 INFO  BaseClassVL - navigated to browser
2026-09-16 13:14:10 INFO  BaseClassVL - URL navigation home page
2026-09-16 13:14:14 INFO  BaseClassVL - URL navigation to Express https://www.valuelabs.com/products/experience/
2026-09-16 13:14:16 INFO  BaseClassVL - URL navigation to aid https://www.valuelabs.com/products/experience/aide-chat/#contact-section-scroll-down
2026-09-16 13:14:24 INFO  BaseClassVL - aid chat is successhttps://www.valuelabs.com/thank-you/?submissionGuid=298f6cbc-0f83-4e46-9b91-3fb4581c3b35
2026-09-16 13:14:24 INFO  BaseClassVL - aid chat is successThank you - ValueLabs
2026-09-16 13:18:09 INFO  BaseClassVL - navigated to browser
2026-09-16 13:18:09 INFO  BaseClassVL - URL navigation home page
2026-09-16 13:18:18 INFO  BaseClassVL - navigated to browser
2026-09-16 13:18:19 INFO  BaseClassVL - URL navigation home page
2026-09-16 13:18:23 INFO  BaseClassVL - navigated to browser
2026-09-16 13:18:28 INFO  BaseClassVL - URL navigation home page
2026-09-16 13:19:55 INFO  BaseClassVL - navigated to browser
2026-09-16 13:19:56 INFO  BaseClassVL - URL navigation home page
2026-09-16 13:20:00 INFO  BaseClassVL - URL navigation to Express https://www.valuelabs.com/products/experience/
2026-09-16 13:20:01 INFO  BaseClassVL - URL navigation to aid https://www.valuelabs.com/products/experience/aide-chat/#contact-section-scroll-down
2026-09-16 13:20:12 INFO  BaseClassVL - navigated to browser
2026-09-16 13:20:12 INFO  BaseClassVL - URL navigation home page
2026-09-16 13:20:16 INFO  BaseClassVL - URL navigation to Express https://www.valuelabs.com/products/experience/
2026-09-16 13:20:17 INFO  BaseClassVL - URL navigation to aid https://www.valuelabs.com/products/experience/aide-chat/#contact-section-scroll-down
2026-09-16 13:20:21 INFO  BaseClassVL - aid emailchat is error success handling
2026-09-16 13:20:29 INFO  BaseClassVL - navigated to browser
2026-09-16 13:20:29 INFO  BaseClassVL - URL navigation home page
2026-09-16 13:20:33 INFO  BaseClassVL - URL navigation to Express https://www.valuelabs.com/products/experience/
2026-09-16 13:20:35 INFO  BaseClassVL - URL navigation to aid https://www.valuelabs.com/products/experience/aide-chat/#contact-section-scroll-down
2026-09-16 13:21:45 INFO  BaseClassVL - navigated to browser
2026-09-16 13:21:46 INFO  BaseClassVL - URL navigation home page
2026-09-16 13:21:50 INFO  BaseClassVL - URL navigation to Express https://www.valuelabs.com/products/experience/
2026-09-16 13:21:51 INFO  BaseClassVL - URL navigation to aid https://www.valuelabs.com/products/experience/aide-chat/#contact-section-scroll-down
2026-09-16 13:22:03 INFO  BaseClassVL - navigated to browser
2026-09-16 13:22:04 INFO  BaseClassVL - URL navigation home page
2026-09-16 13:22:07 INFO  BaseClassVL - URL navigation to Express https://www.valuelabs.com/products/experience/
2026-09-16 13:22:09 INFO  BaseClassVL - URL navigation to aid https://www.valuelabs.com/products/experience/aide-chat/#contact-section-scroll-down
2026-09-16 13:22:13 INFO  BaseClassVL - aid emailchat is error success handling
2026-09-16 13:22:19 INFO  BaseClassVL - navigated to browser
2026-09-16 13:22:20 INFO  BaseClassVL - URL navigation home page
2026-09-16 13:22:22 INFO  BaseClassVL - URL navigation to Express https://www.valuelabs.com/products/experience/
2026-09-16 13:22:25 INFO  BaseClassVL - URL navigation to aid https://www.valuelabs.com/products/experience/aide-chat/#contact-section-scroll-down
2026-09-16 13:22:34 INFO  BaseClassVL - aid chat is successhttps://www.valuelabs.com/thank-you/?submissionGuid=4d484bcb-fad2-42ac-bb47-58cd145c9662
2026-09-16 13:22:34 INFO  BaseClassVL - aid chat is successThank you - ValueLabs
2026-09-16 13:25:45 INFO  BaseClassVL - navigated to browser
2026-09-16 13:25:51 INFO  BaseClassVL - URL navigation home page
2026-09-16 13:26:03 INFO  BaseClassVL - navigated to browser
2026-09-16 13:26:03 INFO  BaseClassVL - URL navigation home page
2026-09-16 13:26:09 INFO  BaseClassVL - navigated to browser
2026-09-16 13:26:15 INFO  BaseClassVL - URL navigation home page
2026-09-16 13:27:20 INFO  BaseClassVL - navigated to browser
2026-09-16 13:27:20 INFO  BaseClassVL - URL navigation home page
2026-09-16 13:27:31 INFO  BaseClassVL - navigated to browser
2026-09-16 13:27:32 INFO  BaseClassVL - URL navigation home page
2026-09-16 13:27:36 INFO  BaseClassVL - URL navigation to Express https://www.valuelabs.com/products/experience/
2026-09-16 13:27:38 INFO  BaseClassVL - URL navigation to aid https://www.valuelabs.com/products/experience/aide-chat/#contact-section-scroll-down
2026-09-16 13:27:42 INFO  BaseClassVL - aid emailchat is error success handling
2026-09-16 13:27:55 INFO  BaseClassVL - navigated to browser
2026-09-16 13:27:55 INFO  BaseClassVL - URL navigation home page
2026-09-16 13:28:00 INFO  BaseClassVL - URL navigation to Express https://www.valuelabs.com/products/experience/
2026-09-16 13:28:02 INFO  BaseClassVL - URL navigation to aid https://www.valuelabs.com/products/experience/aide-chat/#contact-section-scroll-down
2026-09-16 13:28:14 INFO  BaseClassVL - aid chat is successhttps://www.valuelabs.com/thank-you/?submissionGuid=a2aacfba-5679-450b-b115-a48871bb5224
2026-09-16 13:28:14 INFO  BaseClassVL - aid chat is successThank you - ValueLabs
2026-09-16 13:34:50 INFO  BaseClassVL - navigated to browser
2026-09-16 13:34:51 INFO  BaseClassVL - URL navigation home page
2026-09-16 13:34:55 INFO  BaseClassVL - URL navigation to Express https://www.valuelabs.com/products/experience/
2026-09-16 13:34:57 INFO  BaseClassVL - URL navigation to aid https://www.valuelabs.com/products/experience/aide-chat/#contact-section-scroll-down
2026-09-16 13:35:08 INFO  BaseClassVL - navigated to browser
2026-09-16 13:35:09 INFO  BaseClassVL - URL navigation home page
2026-09-16 13:35:19 INFO  BaseClassVL - navigated to browser
2026-09-16 13:35:19 INFO  BaseClassVL - URL navigation home page
2026-09-16 13:37:31 INFO  BaseClassVL - navigated to browser
2026-09-16 13:37:32 INFO  BaseClassVL - URL navigation home page
2026-09-16 13:37:36 INFO  BaseClassVL - URL navigation to Express https://www.valuelabs.com/products/experience/
2026-09-16 13:37:38 INFO  BaseClassVL - URL navigation to aid https://www.valuelabs.com/products/experience/aide-chat/#contact-section-scroll-down
2026-09-16 13:37:44 INFO  BaseClassVL - navigated to browser
2026-09-16 13:37:50 INFO  BaseClassVL - URL navigation home page
2026-09-16 13:38:00 INFO  BaseClassVL - navigated to browser
2026-09-16 13:38:00 INFO  BaseClassVL - URL navigation home page
2026-09-16 13:38:46 INFO  BaseClassVL - navigated to browser
2026-09-16 13:38:52 INFO  BaseClassVL - URL navigation home page
2026-09-16 13:38:56 INFO  BaseClassVL - URL navigation to Express https://www.valuelabs.com/products/experience/
2026-09-16 13:38:58 INFO  BaseClassVL - URL navigation to aid https://www.valuelabs.com/products/experience/aide-chat/#contact-section-scroll-down
2026-09-16 13:39:05 INFO  BaseClassVL - navigated to browser
2026-09-16 13:39:14 INFO  BaseClassVL - URL navigation home page
2026-09-16 13:39:19 INFO  BaseClassVL - URL navigation to Express https://www.valuelabs.com/products/experience/
2026-09-16 13:39:21 INFO  BaseClassVL - URL navigation to aid https://www.valuelabs.com/products/experience/aide-chat/#contact-section-scroll-down
2026-09-16 13:39:25 INFO  BaseClassVL - aid emailchat is error success handling
2026-09-16 13:39:32 INFO  BaseClassVL - navigated to browser
2026-09-16 13:39:32 INFO  BaseClassVL - URL navigation home page
